
­ƒöì Testando URL: https://bysebuho.com/e/wgythjukoumu
--------------------------------------------------
[Extractor] Loaded: Byse
[Extractor] Loaded: DoodStream
[Extractor] Loaded: FileMoon
[Extractor] Loaded: MixDrop
[Extractor] Loaded: StreamTape
Ô£à Sucesso! Links encontrados:
[
  {
    "name": "Byse",
    "url": "https://edge1-waw-sprintcdn.r66nv9ed.com/hls2/03/10916/wgythjukoumu_o/master.m3u8?t=y7oU6R8kEs4bKY7BmGfpRM4Qz5NfRCEP1VMjkgs6h0k&s=1773023858&e=10800&f=54581239&srv=1050&asn=262663&sp=4000&p=0",
    "quality": "Auto",
    "type": "hls",
    "referer": "https://bysebuho.com"
  }
]
--------------------------------------------------

